/* === Create regular export table === */
CREATE TABLE profile.export AS SELECT * FROM profile.export_data();
/* === Create obfuscated export table === */
CREATE TABLE profile.blind_export AS SELECT * FROM profile.export_data(NULL,NULL,NULL,TRUE);
BEGIN;
/* === rename local server === */
SELECT profile.rename_server('local','src_local');
 rename_server 
---------------
             1
(1 row)

/* === check matching by creation date and system identifier === */
SELECT profile.import_data('profile.export') > 0;
 ?column? 
----------
 f
(1 row)

/* === change src_local server creation time so it wont match === */
UPDATE profile.servers
SET
  server_created = server_created - '1 minutes'::interval
WHERE server_name = 'src_local';
/* === perform load === */
SELECT profile.import_data('profile.export') > 0;
 ?column? 
----------
 t
(1 row)

/* === perform obfuscated load === */
SELECT profile.drop_server('local');
 drop_server 
-------------
           1
(1 row)

SELECT profile.import_data('profile.blind_export') > 0;
 ?column? 
----------
 t
(1 row)

/* === check that there is no matching queries === */
SELECT
  count(*)
FROM profile.servers s_src
  CROSS JOIN profile.servers s_blind
  JOIN profile.stmt_list q_src ON
    (q_src.server_id = s_src.server_id)
  JOIN profile.stmt_list q_blind ON
    (q_src.queryid_md5 = q_blind.queryid_md5 AND q_blind.server_id = s_blind.server_id)
WHERE
  s_src.server_name = 'src_local' AND s_blind.server_name = 'local'
  AND q_src.query = q_blind.query;
 count 
-------
     0
(1 row)

ROLLBACK;
/* === drop export tables === */
DROP TABLE profile.export;
DROP TABLE profile.blind_export;
