/* Testing drop server with data */
SELECT * FROM profile.drop_server('local');
 drop_server 
-------------
           1
(1 row)

DROP EXTENSION lt_profile;
DROP EXTENSION pg_stat_kcache;
DROP EXTENSION system_stats;
DROP ROLE monitor_system_stats;
DROP EXTENSION pg_wait_sampling;
DROP EXTENSION pg_stat_statements;
DROP EXTENSION dblink;
DROP SCHEMA profile;
DROP SCHEMA dblink;
DROP SCHEMA statements;
DROP SCHEMA kcache;
