SET track_functions TO 'all';
/* === Initialize some structures === */
DROP TABLE IF EXISTS profile.grow_table;
NOTICE:  table "grow_table" does not exist, skipping
CREATE TABLE profile.grow_table (
  id          SERIAL PRIMARY KEY,
  short_str   varchar(50),
  long_str    text
);
CREATE INDEX IF NOT EXISTS ix_grow_table ON profile.grow_table(short_str);
CREATE OR REPLACE FUNCTION profile.dummy_func() RETURNS VOID AS $$
BEGIN
  PERFORM pg_sleep(0.5);
END;
$$ LANGUAGE plpgsql;
CREATE OR REPLACE FUNCTION profile.grow_table_trg_f() RETURNS trigger AS
$$
BEGIN
  PERFORM pg_sleep(0.1);
  RETURN NEW;
END;
$$ LANGUAGE plpgsql;
CREATE TRIGGER grow_table_trg
BEFORE INSERT OR UPDATE ON profile.grow_table FOR EACH ROW
EXECUTE PROCEDURE profile.grow_table_trg_f();
/* Testing sample creation */
SELECT server,result FROM profile.take_sample();
 server | result 
--------+--------
 local  | OK
(1 row)

/* Perform some load */
INSERT INTO profile.grow_table (short_str,long_str)
SELECT array_to_string(array
  (select
  substr('abcdefghijklmnopqrstuvwxyzABCDEFGHIJKLMNOPQRSTUVWXYZ0123456789',
  trunc(random() * 62)::integer + 1, 1)
  FROM   generate_series(1, 40)), ''
) as arr1,
array_to_string(array
  (select
  substr('abcdefghijklmnopqrstuvwxyzABCDEFGHIJKLMNOPQRSTUVWXYZ0123456789',
  trunc(random() * 62)::integer + 1, 1)
  FROM   generate_series(1, 8000)), ''
)
FROM generate_series(1,20);
SELECT * FROM profile.dummy_func();
 dummy_func 
------------
 
(1 row)

/* Taking next sample */
SELECT server,result FROM profile.take_sample();
 server | result 
--------+--------
 local  | OK
(1 row)

/* Check collected data */
SELECT
  n_tup_ins,
  n_live_tup
FROM profile.sample_stat_tables st
  JOIN profile.tables_list tl USING (server_id,datid,relid)
WHERE
  tl.relname = 'grow_table' AND tl.schemaname = 'profile'
  AND st.sample_id = 2;
 n_tup_ins | n_live_tup 
-----------+------------
        20 |         20
(1 row)

SELECT
  n_tup_ins,
  n_live_tup
FROM
  profile.sample_stat_tables st
  JOIN profile.tables_list tl ON
    (st.server_id = tl.server_id AND st.datid = tl.datid
    AND st.relid = tl.reltoastrelid)
WHERE
  tl.relname = 'grow_table' AND tl.schemaname = 'profile'
  AND st.sample_id = 2;
 n_tup_ins | n_live_tup 
-----------+------------
       100 |        100
(1 row)

SELECT
  calls,
  total_time > 0 tt,
  self_time > 0 st,
  trg_fn
FROM
  profile.sample_stat_user_functions f
  JOIN profile.funcs_list fl USING (server_id,datid,funcid)
WHERE
  schemaname = 'profile' AND funcname IN ('grow_table_trg_f', 'dummy_func')
  AND sample_id = 2
ORDER BY funcname;
 calls | tt | st | trg_fn 
-------+----+----+--------
     1 | t  | t  | f
    20 | t  | t  | t
(2 rows)

/* Testing report */
SELECT count(1) FROM profile.get_pwr(1,2);
 count 
-------
     1
(1 row)

SELECT count(1) FROM profile.get_psh(1,2);
NOTICE:  relation "queries_list" already exists, skipping
 count 
-------
     1
(1 row)

/* Testing diffreport */
SELECT server,result FROM profile.take_sample();
 server | result 
--------+--------
 local  | OK
(1 row)

/* Test server system identifier changing */
BEGIN;
UPDATE profile.sample_settings
SET reset_val = reset_val::bigint + 1
WHERE name = 'system_identifier';
SELECT server,result != 'OK' FROM profile.take_sample();
 server | ?column? 
--------+----------
 local  | t
(1 row)

ROLLBACK;
/* Test size collection sampling settings */
INSERT INTO profile.grow_table (short_str,long_str)
SELECT array_to_string(array
  (select
  substr('abcdefghijklmnopqrstuvwxyzABCDEFGHIJKLMNOPQRSTUVWXYZ0123456789',
  trunc(random() * 62)::integer + 1, 1)
  FROM   generate_series(1, 40)), ''
) as arr1,
array_to_string(array
  (select
  substr('abcdefghijklmnopqrstuvwxyzABCDEFGHIJKLMNOPQRSTUVWXYZ0123456789',
  trunc(random() * 62)::integer + 1, 1)
  FROM   generate_series(1, 8000)), ''
)
FROM generate_series(1,5);
SELECT profile.set_server_size_sampling('local',current_time - interval '10 minute',interval '30 minute',interval '2 minute');
 set_server_size_sampling 
--------------------------
                        1
(1 row)

SELECT server_name,window_duration,sample_interval FROM profile.show_servers_size_sampling();
 server_name | window_duration | sample_interval 
-------------+-----------------+-----------------
 local       | @ 30 mins       | @ 2 mins
(1 row)

SELECT server,result FROM profile.take_sample();
 server | result 
--------+--------
 local  | OK
(1 row)

SELECT sample, sizes_collected FROM profile.show_samples() WHERE NOT sizes_collected;
 sample | sizes_collected 
--------+-----------------
      4 | f
(1 row)

SELECT strpos(profile.get_pwr(2,3),'growing') > 0;
NOTICE:  relation "queries_list" already exists, skipping
 ?column? 
----------
 t
(1 row)

SELECT strpos(profile.get_pwr(3,4),'growing') > 0;
NOTICE:  relation "queries_list" already exists, skipping
 ?column? 
----------
 f
(1 row)

SELECT strpos(profile.get_psh(2,3),'growing') > 0;
NOTICE:  relation "queries_list" already exists, skipping
 ?column? 
----------
 f
(1 row)

SELECT strpos(profile.get_psh(3,4),'growing') > 0;
NOTICE:  relation "queries_list" already exists, skipping
 ?column? 
----------
 f
(1 row)

SELECT profile.set_server_size_sampling('local',null,null,null);
 set_server_size_sampling 
--------------------------
                        1
(1 row)

SELECT server,result FROM profile.take_sample();
 server | result 
--------+--------
 local  | OK
(1 row)

SELECT strpos(profile.get_pwr(3,4,null,true),'growing') > 0;
NOTICE:  relation "queries_list" already exists, skipping
 ?column? 
----------
 t
(1 row)

SELECT strpos(profile.get_psh(3,4,null,true),'growing') > 0;
NOTICE:  relation "queries_list" already exists, skipping
 ?column? 
----------
 f
(1 row)

DROP TABLE profile.grow_table;
DROP FUNCTION profile.dummy_func();
DROP FUNCTION profile.grow_table_trg_f();
